[33mÔØ»[39m Building...
[32mÔ£ö[39m Building...
[35mPrerendered 0 static routes.[39m
Application bundle generation failed. [3.733 seconds] - 2026-03-15T20:48:10.379Z

node.exe : [1m[31m[31mX 
[41;31m[[41;97mERROR[41;31m][0m [1mTS2307: Cannot 
find module '../../../core/services/orcamento.service' or 
its corresponding type declarations.[0m [1m[35m[plugin 
angular-compiler][0m
No linha:1 caractere:1
+ & "C:\Program Files\nodejs/node.exe" "C:\Program 
Files\nodejs/node_mo ...
+ ~~~~~~~~~~~~~~~~~~~~~~~~~~~~~~~~~~~~~~~~~~~~~~~~~~~~~~~~
~~~~~~~~~~~~~
    + CategoryInfo          : NotSpecified: 
([1m[31m[31m    X...r-compiler][0m:String) [], 
RemoteException
    + FullyQualifiedErrorId : NativeCommandError
 

    src/app/features/orcamento/components/auditoria-orcame
nto/auditoria-orcamento.component.ts:4:33:
[37m      4 Ôöé ...OrcamentoService } from 
[32m'../../../core/services/orcamento.service'[37m;
        ÔòÁ                            
[32m~~~~~~~~~~~~~~~~~~~~~~~~~~~~~~~~~~~~~~~~~~[0m


[31mX [41;31m[[41;97mERROR[41;31m][0m [1mTS2307: 
Cannot find module 
'../../../core/models/orcamento-response.dto' or its 
corresponding type declarations.[0m [1m[35m[plugin 
angular-compiler][0m

    src/app/features/orcamento/components/auditoria-orcame
nto/auditoria-orcamento.component.ts:5:37:
[37m      5 Ôöé ...toResponseDTO } from 
[32m'../../../core/models/orcamento-response.dto'[37m;
        ÔòÁ                         
[32m~~~~~~~~~~~~~~~~~~~~~~~~~~~~~~~~~~~~~~~~~~~~~[0m


[31mX [41;31m[[41;97mERROR[41;31m][0m [1mNG2008: 
Could not find stylesheet file 
'./auditoria-orcamento.component.css'.[0m 
[1m[35m[plugin angular-compiler][0m

    src/app/features/orcamento/components/auditoria-orcame
nto/auditoria-orcamento.component.ts:12:12:
[37m      12 Ôöé   styleUrl: 
[32m'./auditoria-orcamento.component.css'[37m
         ÔòÁ             
[32m~~~~~~~~~~~~~~~~~~~~~~~~~~~~~~~~~~~~~[0m


[31mX [41;31m[[41;97mERROR[41;31m][0m [1mTS2571: 
Object is of type 'unknown'.[0m [1m[35m[plugin 
angular-compiler][0m

    src/app/features/orcamento/components/auditoria-orcame
nto/auditoria-orcamento.component.ts:38:4:
[37m      38 Ôöé     [32mthis.orcamentoService[37m.getO
rcamento(id).subscribe({
         ÔòÁ     [32m~~~~~~~~~~~~~~~~~~~~~[0m


[31mX [41;31m[[41;97mERROR[41;31m][0m [1mTS2307: 
Cannot find module 
'../../../core/services/orcamento.service' or its 
corresponding type declarations.[0m [1m[35m[plugin 
angular-compiler][0m

    src/app/features/orcamento/components/formulario-requi
sicao/formulario-requisicao.component.ts:5:33:
[37m      5 Ôöé ...OrcamentoService } from 
[32m'../../../core/services/orcamento.service'[37m;
        ÔòÁ                            
[32m~~~~~~~~~~~~~~~~~~~~~~~~~~~~~~~~~~~~~~~~~~[0m


[31mX [41;31m[[41;97mERROR[41;31m][0m [1mTS2307: 
Cannot find module '../../../core/models/problem-detail' 
or its corresponding type declarations.[0m 
[1m[35m[plugin angular-compiler][0m

    src/app/features/orcamento/components/formulario-requi
sicao/formulario-requisicao.component.ts:6:30:
[37m      6 Ôöé import { ProblemDetail } from 
[32m'../../../core/models/problem-detail'[37m;
        ÔòÁ                               
[32m~~~~~~~~~~~~~~~~~~~~~~~~~~~~~~~~~~~~~[0m


[31mX [41;31m[[41;97mERROR[41;31m][0m [1mTS2307: 
Cannot find module 
'../../../core/models/orcamento-response.dto' or its 
corresponding type declarations.[0m [1m[35m[plugin 
angular-compiler][0m

    src/app/features/orcamento/components/formulario-requi
sicao/formulario-requisicao.component.ts:7:37:
[37m      7 Ôöé ...toResponseDTO } from 
[32m'../../../core/models/orcamento-response.dto'[37m;
        ÔòÁ                         
[32m~~~~~~~~~~~~~~~~~~~~~~~~~~~~~~~~~~~~~~~~~~~~~[0m


[31mX [41;31m[[41;97mERROR[41;31m][0m [1mNG2008: 
Could not find stylesheet file 
'./formulario-requisicao.component.css'.[0m 
[1m[35m[plugin angular-compiler][0m

    src/app/features/orcamento/components/formulario-requi
sicao/formulario-requisicao.component.ts:14:12:
[37m      14 Ôöé   styleUrl: 
[32m'./formulario-requisicao.component.css'[37m
         ÔòÁ             
[32m~~~~~~~~~~~~~~~~~~~~~~~~~~~~~~~~~~~~~~~[0m


[31mX [41;31m[[41;97mERROR[41;31m][0m [1mTS2571: 
Object is of type 'unknown'.[0m [1m[35m[plugin 
angular-compiler][0m

    src/app/features/orcamento/components/formulario-requi
sicao/formulario-requisicao.component.ts:81:4:
[37m      81 Ôöé     [32mthis.orcamentoService[37m.subm
eterOrcamento(payload).subscribe({
         ÔòÁ     [32m~~~~~~~~~~~~~~~~~~~~~[0m


[31mX [41;31m[[41;97mERROR[41;31m][0m [1mTS2339: 
Property 'calcular' does not exist on type 
'OrcamentoService'.[0m [1m[35m[plugin 
angular-compiler][0m

    
src/app/features/orcamento/orcamento.component.ts:57:28:
[37m      57 Ôöé       this.orcamentoService.[32mcalcula
r[37m(this.orcamentoForm.value).sub...
         ÔòÁ                             [32m~~~~~~~~[0m


[31mX [41;31m[[41;97mERROR[41;31m][0m [1mTS7006: 
Parameter 'res' implicitly has an 'any' type.[0m 
[1m[35m[plugin angular-compiler][0m

    
src/app/features/orcamento/orcamento.component.ts:58:15:
[37m      58 Ôöé         next: ([32mres[37m) => {
         ÔòÁ                [32m~~~[0m


[31mX [41;31m[[41;97mERROR[41;31m][0m [1mTS7006: 
Parameter 'err' implicitly has an 'any' type.[0m 
[1m[35m[plugin angular-compiler][0m

    
src/app/features/orcamento/orcamento.component.ts:62:16:
[37m      62 Ôöé         error: ([32merr[37m) => {
         ÔòÁ                 [32m~~~[0m


[31mX [41;31m[[41;97mERROR[41;31m][0m [1mCould not 
resolve "@angular/animations/browser"[0m

    node_modules/@angular/platform-browser/fesm2022/animat
ions-async.mjs:37:53:
[37m      37 Ôöé ....moduleImpl ?? 
import([32m'@angular/animations/browser'[37m).then(m => 
m);
         ÔòÁ                          
[32m~~~~~~~~~~~~~~~~~~~~~~~~~~~~~[0m

  You can mark the path "@angular/animations/browser" as 
external to exclude it from the bundle, which will remove 
this error and leave the unresolved path in the bundle. 
You can also add ".catch()" here to handle this failure 
at run-time instead of bundle-time.


[31mX [41;31m[[41;97mERROR[41;31m][0m [1mCould not 
resolve "../../../core/services/orcamento.service"[0m

    src/app/features/orcamento/components/auditoria-orcame
nto/auditoria-orcamento.component.ts:4:33:
[37m      4 Ôöé ...OrcamentoService } from 
[32m'../../../core/services/orcamento.service'[37m;
        ÔòÁ                            
[32m~~~~~~~~~~~~~~~~~~~~~~~~~~~~~~~~~~~~~~~~~~[0m


[31mX [41;31m[[41;97mERROR[41;31m][0m [1mCould not 
resolve "../../../core/services/orcamento.service"[0m

    src/app/features/orcamento/components/formulario-requi
sicao/formulario-requisicao.component.ts:5:33:
[37m      5 Ôöé ...OrcamentoService } from 
[32m'../../../core/services/orcamento.service'[37m;
        ÔòÁ                            
[32m~~~~~~~~~~~~~~~~~~~~~~~~~~~~~~~~~~~~~~~~~~[0m


[31mX [41;31m[[41;97mERROR[41;31m][0m [1mCould not 
resolve "@angular/animations/browser"[0m

    node_modules/@angular/platform-browser/fesm2022/animat
ions-async.mjs:37:53:
[37m      37 Ôöé ....moduleImpl ?? 
import([32m'@angular/animations/browser'[37m).then(m => 
m);
         ÔòÁ                          
[32m~~~~~~~~~~~~~~~~~~~~~~~~~~~~~[0m

  You can mark the path "@angular/animations/browser" as 
external to exclude it from the bundle, which will remove 
this error and leave the unresolved path in the bundle. 
You can also add ".catch()" here to handle this failure 
at run-time instead of bundle-time.


[31mX [41;31m[[41;97mERROR[41;31m][0m [1mCould not 
resolve "../../../core/services/orcamento.service"[0m

    src/app/features/orcamento/components/auditoria-orcame
nto/auditoria-orcamento.component.ts:4:33:
[37m      4 Ôöé ...OrcamentoService } from 
[32m'../../../core/services/orcamento.service'[37m;
        ÔòÁ                            
[32m~~~~~~~~~~~~~~~~~~~~~~~~~~~~~~~~~~~~~~~~~~[0m


[31mX [41;31m[[41;97mERROR[41;31m][0m [1mCould not 
resolve "../../../core/services/orcamento.service"[0m

    src/app/features/orcamento/components/formulario-requi
sicao/formulario-requisicao.component.ts:5:33:
[37m      5 Ôöé ...OrcamentoService } from 
[32m'../../../core/services/orcamento.service'[37m;
        ÔòÁ                            
[32m~~~~~~~~~~~~~~~~~~~~~~~~~~~~~~~~~~~~~~~~~~[0m

[39m[22m
